2026-08-12 18:01:59,240 - aqt.main - INFO - installer 129398930737024 aqtinstall(aqt) v3.3.0 on Python 3.13.11 [CPython GCC 14.3.0]
2026-08-12 18:01:59,240 - aqt.helper - DEBUG - helper 129398930737024 Attempt to download checksum at https://download.qt.io/online/qtsdkrepository/linux_x64/desktop/qt6_682/qt6_682/Updates.xml.sha256
2026-08-12 18:02:00,666 - aqt.helper - DEBUG - helper 129398930737024 Attempt to download checksum at https://download.qt.io/online/qtsdkrepository/linux_x64/extensions/qtwebengine/682/x86_64/Updates.xml.sha256
2026-08-12 18:02:01,608 - aqt.archives - INFO - archives 129398930737024 Found extension qtwebengine
2026-08-12 18:02:01,608 - aqt.helper - DEBUG - helper 129398930737024 Attempt to download checksum at https://download.qt.io/online/qtsdkrepository/linux_x64/extensions/qtpdf/682/x86_64/Updates.xml.sha256
2026-08-12 18:02:02,557 - aqt.archives - INFO - archives 129398930737024 Found extension qtpdf
2026-08-12 18:02:02,561 - aqt.main - ERROR - installer 129398930737024 The packages ['qtsvg'] were not found while parsing XML of package information!
==============================Suggested follow-up:==============================
* Please use 'aqt list-qt linux desktop --modules 6.8.2 <arch>' to show modules available.
2026-08-12 18:04:46,943 - aqt.main - INFO - installer 132856229926784 aqtinstall(aqt) v3.3.0 on Python 3.13.11 [CPython GCC 14.3.0]
2026-08-12 18:04:46,944 - aqt.helper - DEBUG - helper 132856229926784 Attempt to download checksum at https://download.qt.io/online/qtsdkrepository/linux_x64/desktop/qt6_682/qt6_682/Updates.xml.sha256
2026-08-12 18:04:48,500 - aqt.helper - DEBUG - helper 132856229926784 Attempt to download checksum at https://download.qt.io/online/qtsdkrepository/linux_x64/extensions/qtwebengine/682/x86_64/Updates.xml.sha256
2026-08-12 18:04:49,419 - aqt.archives - INFO - archives 132856229926784 Found extension qtwebengine
2026-08-12 18:04:49,420 - aqt.helper - DEBUG - helper 132856229926784 Attempt to download checksum at https://download.qt.io/online/qtsdkrepository/linux_x64/extensions/qtpdf/682/x86_64/Updates.xml.sha256
2026-08-12 18:04:50,446 - aqt.archives - INFO - archives 132856229926784 Found extension qtpdf
2026-08-12 18:04:50,550 - aqt.helper - DEBUG - helper 129639205025664 Attempt to download checksum at https://download.qt.io/online/qtsdkrepository/linux_x64/desktop/qt6_682/qt6_682/qt.qt6.682.addons.qt5compat.linux_gcc_64/6.8.2-0-202501260838qt5compat-Linux-RHEL_8_10-GCC-Linux-RHEL_8_10-X86_64.7z.sha256
2026-08-12 18:04:50,551 - aqt.helper - DEBUG - helper 129059705931648 Attempt to download checksum at https://download.qt.io/online/qtsdkrepository/linux_x64/desktop/qt6_682/qt6_682/qt.qt6.682.linux_gcc_64/6.8.2-0-202501260838qtbase-Linux-RHEL_8_10-GCC-Linux-RHEL_8_10-X86_64.7z.sha256
2026-08-12 18:04:50,551 - aqt.helper - DEBUG - helper 124039237883776 Attempt to download checksum at https://download.qt.io/online/qtsdkrepository/linux_x64/desktop/qt6_682/qt6_682/qt.qt6.682.linux_gcc_64/6.8.2-0-202501260838qtsvg-Linux-RHEL_8_10-GCC-Linux-RHEL_8_10-X86_64.7z.sha256
2026-08-12 18:04:50,551 - aqt.helper - DEBUG - helper 133334885001088 Attempt to download checksum at https://download.qt.io/online/qtsdkrepository/linux_x64/desktop/qt6_682/qt6_682/qt.qt6.682.linux_gcc_64/6.8.2-0-202501260838qtdeclarative-Linux-RHEL_8_10-GCC-Linux-RHEL_8_10-X86_64.7z.sha256
2026-08-12 18:04:50,967 - aqt.helper - INFO - helper 124039237883776 Downloading qtsvg...
2026-08-12 18:04:50,967 - aqt.installer - DEBUG - installer 124039237883776 Download URL: https://download.qt.io/online/qtsdkrepository/linux_x64/desktop/qt6_682/qt6_682/qt.qt6.682.linux_gcc_64/6.8.2-0-202501260838qtsvg-Linux-RHEL_8_10-GCC-Linux-RHEL_8_10-X86_64.7z
2026-08-12 18:04:51,009 - aqt.helper - INFO - helper 133334885001088 Downloading qtdeclarative...
2026-08-12 18:04:51,009 - aqt.installer - DEBUG - installer 133334885001088 Download URL: https://download.qt.io/online/qtsdkrepository/linux_x64/desktop/qt6_682/qt6_682/qt.qt6.682.linux_gcc_64/6.8.2-0-202501260838qtdeclarative-Linux-RHEL_8_10-GCC-Linux-RHEL_8_10-X86_64.7z
2026-08-12 18:04:51,050 - aqt.helper - INFO - helper 129639205025664 Downloading qt5compat...
2026-08-12 18:04:51,050 - aqt.installer - DEBUG - installer 129639205025664 Download URL: https://download.qt.io/online/qtsdkrepository/linux_x64/desktop/qt6_682/qt6_682/qt.qt6.682.addons.qt5compat.linux_gcc_64/6.8.2-0-202501260838qt5compat-Linux-RHEL_8_10-GCC-Linux-RHEL_8_10-X86_64.7z
2026-08-12 18:04:51,355 - aqt.helper - INFO - helper 129059705931648 Downloading qtbase...
2026-08-12 18:04:51,355 - aqt.installer - DEBUG - installer 129059705931648 Download URL: https://download.qt.io/online/qtsdkrepository/linux_x64/desktop/qt6_682/qt6_682/qt.qt6.682.linux_gcc_64/6.8.2-0-202501260838qtbase-Linux-RHEL_8_10-GCC-Linux-RHEL_8_10-X86_64.7z
2026-08-12 18:04:51,465 - aqt.helper - DEBUG - helper 124039237883776 Asked to redirect(302) to: https://qt.mirror.constant.com/online/qtsdkrepository/linux_x64/desktop/qt6_682/qt6_682/qt.qt6.682.linux_gcc_64/6.8.2-0-202501260838qtsvg-Linux-RHEL_8_10-GCC-Linux-RHEL_8_10-X86_64.7z
2026-08-12 18:04:51,465 - aqt.helper - INFO - helper 124039237883776 Redirected: qt.mirror.constant.com
2026-08-12 18:04:51,528 - aqt.helper - DEBUG - helper 133334885001088 Asked to redirect(302) to: https://qt.mirror.constant.com/online/qtsdkrepository/linux_x64/desktop/qt6_682/qt6_682/qt.qt6.682.linux_gcc_64/6.8.2-0-202501260838qtdeclarative-Linux-RHEL_8_10-GCC-Linux-RHEL_8_10-X86_64.7z
2026-08-12 18:04:51,528 - aqt.helper - INFO - helper 133334885001088 Redirected: qt.mirror.constant.com
2026-08-12 18:04:51,543 - aqt.helper - DEBUG - helper 129639205025664 Asked to redirect(302) to: https://qt.mirror.constant.com/online/qtsdkrepository/linux_x64/desktop/qt6_682/qt6_682/qt.qt6.682.addons.qt5compat.linux_gcc_64/6.8.2-0-202501260838qt5compat-Linux-RHEL_8_10-GCC-Linux-RHEL_8_10-X86_64.7z
2026-08-12 18:04:51,543 - aqt.helper - INFO - helper 129639205025664 Redirected: qt.mirror.constant.com
2026-08-12 18:04:51,971 - aqt.helper - DEBUG - helper 129059705931648 Asked to redirect(302) to: https://qt.mirror.constant.com/online/qtsdkrepository/linux_x64/desktop/qt6_682/qt6_682/qt.qt6.682.linux_gcc_64/6.8.2-0-202501260838qtbase-Linux-RHEL_8_10-GCC-Linux-RHEL_8_10-X86_64.7z
2026-08-12 18:04:51,971 - aqt.helper - INFO - helper 129059705931648 Redirected: qt.mirror.constant.com
2026-08-12 18:04:52,793 - aqt.installer - INFO - installer 124039237883776 Finished installation of qtsvg-Linux-RHEL_8_10-GCC-Linux-RHEL_8_10-X86_64.7z in 2.24393177
2026-08-12 18:04:52,798 - aqt.helper - DEBUG - helper 124039237883776 Attempt to download checksum at https://download.qt.io/online/qtsdkrepository/linux_x64/desktop/qt6_682/qt6_682/qt.qt6.682.linux_gcc_64/6.8.2-0-202501260838qttools-Linux-RHEL_8_10-GCC-Linux-RHEL_8_10-X86_64.7z.sha256
2026-08-12 18:04:53,174 - aqt.installer - INFO - installer 129639205025664 Finished installation of qt5compat-Linux-RHEL_8_10-GCC-Linux-RHEL_8_10-X86_64.7z in 2.62490256
2026-08-12 18:04:53,179 - aqt.helper - DEBUG - helper 129639205025664 Attempt to download checksum at https://download.qt.io/online/qtsdkrepository/linux_x64/desktop/qt6_682/qt6_682/qt.qt6.682.linux_gcc_64/6.8.2-0-202501260838qttranslations-Linux-RHEL_8_10-GCC-Linux-RHEL_8_10-X86_64.7z.sha256
2026-08-12 18:04:53,209 - aqt.helper - INFO - helper 124039237883776 Downloading qttools...
2026-08-12 18:04:53,209 - aqt.installer - DEBUG - installer 124039237883776 Download URL: https://download.qt.io/online/qtsdkrepository/linux_x64/desktop/qt6_682/qt6_682/qt.qt6.682.linux_gcc_64/6.8.2-0-202501260838qttools-Linux-RHEL_8_10-GCC-Linux-RHEL_8_10-X86_64.7z
2026-08-12 18:04:53,667 - aqt.helper - INFO - helper 129639205025664 Downloading qttranslations...
2026-08-12 18:04:53,667 - aqt.installer - DEBUG - installer 129639205025664 Download URL: https://download.qt.io/online/qtsdkrepository/linux_x64/desktop/qt6_682/qt6_682/qt.qt6.682.linux_gcc_64/6.8.2-0-202501260838qttranslations-Linux-RHEL_8_10-GCC-Linux-RHEL_8_10-X86_64.7z
2026-08-12 18:04:53,912 - aqt.helper - DEBUG - helper 124039237883776 Asked to redirect(302) to: https://qt.mirror.constant.com/online/qtsdkrepository/linux_x64/desktop/qt6_682/qt6_682/qt.qt6.682.linux_gcc_64/6.8.2-0-202501260838qttools-Linux-RHEL_8_10-GCC-Linux-RHEL_8_10-X86_64.7z
2026-08-12 18:04:53,913 - aqt.helper - INFO - helper 124039237883776 Redirected: qt.mirror.constant.com
2026-08-12 18:04:54,306 - aqt.helper - DEBUG - helper 129639205025664 Asked to redirect(302) to: https://qt.mirror.constant.com/online/qtsdkrepository/linux_x64/desktop/qt6_682/qt6_682/qt.qt6.682.linux_gcc_64/6.8.2-0-202501260838qttranslations-Linux-RHEL_8_10-GCC-Linux-RHEL_8_10-X86_64.7z
2026-08-12 18:04:54,306 - aqt.helper - INFO - helper 129639205025664 Redirected: qt.mirror.constant.com
2026-08-12 18:04:57,743 - aqt.installer - INFO - installer 129059705931648 Finished installation of qtbase-Linux-RHEL_8_10-GCC-Linux-RHEL_8_10-X86_64.7z in 7.19391478
2026-08-12 18:04:57,754 - aqt.helper - DEBUG - helper 129059705931648 Attempt to download checksum at https://download.qt.io/online/qtsdkrepository/linux_x64/desktop/qt6_682/qt6_682/qt.qt6.682.linux_gcc_64/6.8.2-0-202501260838qtwayland-Linux-RHEL_8_10-GCC-Linux-RHEL_8_10-X86_64.7z.sha256
2026-08-12 18:04:57,877 - aqt.installer - INFO - installer 129639205025664 Finished installation of qttranslations-Linux-RHEL_8_10-GCC-Linux-RHEL_8_10-X86_64.7z in 4.69940002
2026-08-12 18:04:57,882 - aqt.helper - DEBUG - helper 129639205025664 Attempt to download checksum at https://download.qt.io/online/qtsdkrepository/linux_x64/desktop/qt6_682/qt6_682/qt.qt6.682.linux_gcc_64/6.8.2-0-202501260838icu-linux-Rhel8.6-x86_64.7z.sha256
2026-08-12 18:04:58,264 - aqt.helper - INFO - helper 129059705931648 Downloading qtwayland...
2026-08-12 18:04:58,264 - aqt.installer - DEBUG - installer 129059705931648 Download URL: https://download.qt.io/online/qtsdkrepository/linux_x64/desktop/qt6_682/qt6_682/qt.qt6.682.linux_gcc_64/6.8.2-0-202501260838qtwayland-Linux-RHEL_8_10-GCC-Linux-RHEL_8_10-X86_64.7z
2026-08-12 18:04:58,310 - aqt.helper - INFO - helper 129639205025664 Downloading icu...
2026-08-12 18:04:58,310 - aqt.installer - DEBUG - installer 129639205025664 Download URL: https://download.qt.io/online/qtsdkrepository/linux_x64/desktop/qt6_682/qt6_682/qt.qt6.682.linux_gcc_64/6.8.2-0-202501260838icu-linux-Rhel8.6-x86_64.7z
2026-08-12 18:04:58,721 - aqt.helper - DEBUG - helper 129639205025664 Asked to redirect(302) to: https://qt.mirror.constant.com/online/qtsdkrepository/linux_x64/desktop/qt6_682/qt6_682/qt.qt6.682.linux_gcc_64/6.8.2-0-202501260838icu-linux-Rhel8.6-x86_64.7z
2026-08-12 18:04:58,721 - aqt.helper - INFO - helper 129639205025664 Redirected: qt.mirror.constant.com
2026-08-12 18:04:58,890 - aqt.helper - DEBUG - helper 129059705931648 Asked to redirect(302) to: https://qt.mirror.constant.com/online/qtsdkrepository/linux_x64/desktop/qt6_682/qt6_682/qt.qt6.682.linux_gcc_64/6.8.2-0-202501260838qtwayland-Linux-RHEL_8_10-GCC-Linux-RHEL_8_10-X86_64.7z
2026-08-12 18:04:58,890 - aqt.helper - INFO - helper 129059705931648 Redirected: qt.mirror.constant.com
2026-08-12 18:05:00,165 - aqt.installer - INFO - installer 129059705931648 Finished installation of qtwayland-Linux-RHEL_8_10-GCC-Linux-RHEL_8_10-X86_64.7z in 2.41206909
2026-08-12 18:05:01,018 - aqt.installer - INFO - installer 129639205025664 Finished installation of icu-linux-Rhel8.6-x86_64.7z in 3.13651691
2026-08-12 18:05:01,609 - aqt.installer - INFO - installer 124039237883776 Finished installation of qttools-Linux-RHEL_8_10-GCC-Linux-RHEL_8_10-X86_64.7z in 8.81158718
2026-08-12 18:05:02,273 - aqt.installer - INFO - installer 133334885001088 Finished installation of qtdeclarative-Linux-RHEL_8_10-GCC-Linux-RHEL_8_10-X86_64.7z in 11.72306177
2026-08-12 18:05:02,308 - aqt.updater - INFO - updater 132856229926784 Patching /home/professor/.local/hisn-deps/qt/6.8.2/gcc_64/bin/qmake
2026-08-12 18:05:02,310 - aqt.updater - INFO - updater 132856229926784 Patching /home/professor/.local/hisn-deps/qt/6.8.2/gcc_64/lib/pkgconfig/Qt6QmlNetwork.pc
2026-08-12 18:05:02,310 - aqt.updater - INFO - updater 132856229926784 Patching /home/professor/.local/hisn-deps/qt/6.8.2/gcc_64/lib/pkgconfig/Qt6Widgets.pc
2026-08-12 18:05:02,310 - aqt.updater - INFO - updater 132856229926784 Patching /home/professor/.local/hisn-deps/qt/6.8.2/gcc_64/lib/pkgconfig/Qt6QmlLocalStorage.pc
2026-08-12 18:05:02,310 - aqt.updater - INFO - updater 132856229926784 Patching /home/professor/.local/hisn-deps/qt/6.8.2/gcc_64/lib/pkgconfig/Qt6Core.pc
2026-08-12 18:05:02,310 - aqt.updater - INFO - updater 132856229926784 Patching /home/professor/.local/hisn-deps/qt/6.8.2/gcc_64/lib/pkgconfig/Qt6QmlXmlListModel.pc
2026-08-12 18:05:02,310 - aqt.updater - INFO - updater 132856229926784 Patching /home/professor/.local/hisn-deps/qt/6.8.2/gcc_64/lib/pkgconfig/Qt6Sql.pc
2026-08-12 18:05:02,310 - aqt.updater - INFO - updater 132856229926784 Patching /home/professor/.local/hisn-deps/qt/6.8.2/gcc_64/lib/pkgconfig/Qt6QuickTest.pc
2026-08-12 18:05:02,310 - aqt.updater - INFO - updater 132856229926784 Patching /home/professor/.local/hisn-deps/qt/6.8.2/gcc_64/lib/pkgconfig/Qt6LabsWavefrontMesh.pc
2026-08-12 18:05:02,310 - aqt.updater - INFO - updater 132856229926784 Patching /home/professor/.local/hisn-deps/qt/6.8.2/gcc_64/lib/pkgconfig/Qt6PrintSupport.pc
2026-08-12 18:05:02,310 - aqt.updater - INFO - updater 132856229926784 Patching /home/professor/.local/hisn-deps/qt/6.8.2/gcc_64/lib/pkgconfig/Qt6LabsSharedImage.pc
2026-08-12 18:05:02,310 - aqt.updater - INFO - updater 132856229926784 Patching /home/professor/.local/hisn-deps/qt/6.8.2/gcc_64/lib/pkgconfig/Qt6QuickWidgets.pc
2026-08-12 18:05:02,310 - aqt.updater - INFO - updater 132856229926784 Patching /home/professor/.local/hisn-deps/qt/6.8.2/gcc_64/lib/pkgconfig/Qt6Gui.pc
2026-08-12 18:05:02,310 - aqt.updater - INFO - updater 132856229926784 Patching /home/professor/.local/hisn-deps/qt/6.8.2/gcc_64/lib/pkgconfig/Qt6DBus.pc
2026-08-12 18:05:02,310 - aqt.updater - INFO - updater 132856229926784 Patching /home/professor/.local/hisn-deps/qt/6.8.2/gcc_64/lib/pkgconfig/Qt6QmlCompiler.pc
2026-08-12 18:05:02,310 - aqt.updater - INFO - updater 132856229926784 Patching /home/professor/.local/hisn-deps/qt/6.8.2/gcc_64/lib/pkgconfig/Qt6QuickDialogs2QuickImpl.pc
2026-08-12 18:05:02,310 - aqt.updater - INFO - updater 132856229926784 Patching /home/professor/.local/hisn-deps/qt/6.8.2/gcc_64/lib/pkgconfig/Qt6QuickControls2FluentWinUI3StyleImpl.pc
2026-08-12 18:05:02,310 - aqt.updater - INFO - updater 132856229926784 Patching /home/professor/.local/hisn-deps/qt/6.8.2/gcc_64/lib/pkgconfig/Qt6QuickControls2Imagine.pc
2026-08-12 18:05:02,310 - aqt.updater - INFO - updater 132856229926784 Patching /home/professor/.local/hisn-deps/qt/6.8.2/gcc_64/lib/pkgconfig/Qt6Qml.pc
2026-08-12 18:05:02,310 - aqt.updater - INFO - updater 132856229926784 Patching /home/professor/.local/hisn-deps/qt/6.8.2/gcc_64/lib/pkgconfig/Qt6QuickControls2Fusion.pc
2026-08-12 18:05:02,310 - aqt.updater - INFO - updater 132856229926784 Patching /home/professor/.local/hisn-deps/qt/6.8.2/gcc_64/lib/pkgconfig/Qt6QmlIntegration.pc
2026-08-12 18:05:02,311 - aqt.updater - INFO - updater 132856229926784 Patching /home/professor/.local/hisn-deps/qt/6.8.2/gcc_64/lib/pkgconfig/Qt6QuickControls2UniversalStyleImpl.pc
2026-08-12 18:05:02,311 - aqt.updater - INFO - updater 132856229926784 Patching /home/professor/.local/hisn-deps/qt/6.8.2/gcc_64/lib/pkgconfig/Qt6SvgWidgets.pc
2026-08-12 18:05:02,311 - aqt.updater - INFO - updater 132856229926784 Patching /home/professor/.local/hisn-deps/qt/6.8.2/gcc_64/lib/pkgconfig/Qt6LabsQmlModels.pc
2026-08-12 18:05:02,311 - aqt.updater - INFO - updater 132856229926784 Patching /home/professor/.local/hisn-deps/qt/6.8.2/gcc_64/lib/pkgconfig/Qt6Network.pc
2026-08-12 18:05:02,311 - aqt.updater - INFO - updater 132856229926784 Patching /home/professor/.local/hisn-deps/qt/6.8.2/gcc_64/lib/pkgconfig/Qt6QuickControls2BasicStyleImpl.pc
2026-08-12 18:05:02,311 - aqt.updater - INFO - updater 132856229926784 Patching /home/professor/.local/hisn-deps/qt/6.8.2/gcc_64/lib/pkgconfig/Qt6LabsAnimation.pc
2026-08-12 18:05:02,311 - aqt.updater - INFO - updater 132856229926784 Patching /home/professor/.local/hisn-deps/qt/6.8.2/gcc_64/lib/pkgconfig/Qt6Platform.pc
2026-08-12 18:05:02,311 - aqt.updater - INFO - updater 132856229926784 Patching /home/professor/.local/hisn-deps/qt/6.8.2/gcc_64/lib/pkgconfig/Qt6OpenGL.pc
2026-08-12 18:05:02,311 - aqt.updater - INFO - updater 132856229926784 Patching /home/professor/.local/hisn-deps/qt/6.8.2/gcc_64/lib/pkgconfig/Qt6QuickControls2Material.pc
2026-08-12 18:05:02,311 - aqt.updater - INFO - updater 132856229926784 Patching /home/professor/.local/hisn-deps/qt/6.8.2/gcc_64/lib/pkgconfig/Qt6Help.pc
2026-08-12 18:05:02,311 - aqt.updater - INFO - updater 132856229926784 Patching /home/professor/.local/hisn-deps/qt/6.8.2/gcc_64/lib/pkgconfig/Qt6LabsSettings.pc
2026-08-12 18:05:02,311 - aqt.updater - INFO - updater 132856229926784 Patching /home/professor/.local/hisn-deps/qt/6.8.2/gcc_64/lib/pkgconfig/Qt6QuickControls2Basic.pc
2026-08-12 18:05:02,311 - aqt.updater - INFO - updater 132856229926784 Patching /home/professor/.local/hisn-deps/qt/6.8.2/gcc_64/lib/pkgconfig/Qt6QuickControls2Universal.pc
2026-08-12 18:05:02,311 - aqt.updater - INFO - updater 132856229926784 Patching /home/professor/.local/hisn-deps/qt/6.8.2/gcc_64/lib/pkgconfig/Qt6Linguist.pc
2026-08-12 18:05:02,311 - aqt.updater - INFO - updater 132856229926784 Patching /home/professor/.local/hisn-deps/qt/6.8.2/gcc_64/lib/pkgconfig/Qt6Svg.pc
2026-08-12 18:05:02,311 - aqt.updater - INFO - updater 132856229926784 Patching /home/professor/.local/hisn-deps/qt/6.8.2/gcc_64/lib/pkgconfig/Qt6OpenGLWidgets.pc
2026-08-12 18:05:02,311 - aqt.updater - INFO - updater 132856229926784 Patching /home/professor/.local/hisn-deps/qt/6.8.2/gcc_64/lib/pkgconfig/Qt6QuickControls2MaterialStyleImpl.pc
2026-08-12 18:05:02,311 - aqt.updater - INFO - updater 132856229926784 Patching /home/professor/.local/hisn-deps/qt/6.8.2/gcc_64/lib/pkgconfig/Qt6QuickControls2ImagineStyleImpl.pc
2026-08-12 18:05:02,311 - aqt.updater - INFO - updater 132856229926784 Patching /home/professor/.local/hisn-deps/qt/6.8.2/gcc_64/lib/pkgconfig/Qt6Concurrent.pc
2026-08-12 18:05:02,311 - aqt.updater - INFO - updater 132856229926784 Patching /home/professor/.local/hisn-deps/qt/6.8.2/gcc_64/lib/pkgconfig/Qt6QmlCore.pc
2026-08-12 18:05:02,311 - aqt.updater - INFO - updater 132856229926784 Patching /home/professor/.local/hisn-deps/qt/6.8.2/gcc_64/lib/pkgconfig/Qt6QuickControls2Impl.pc
2026-08-12 18:05:02,311 - aqt.updater - INFO - updater 132856229926784 Patching /home/professor/.local/hisn-deps/qt/6.8.2/gcc_64/lib/pkgconfig/Qt6QuickDialogs2.pc
2026-08-12 18:05:02,311 - aqt.updater - INFO - updater 132856229926784 Patching /home/professor/.local/hisn-deps/qt/6.8.2/gcc_64/lib/pkgconfig/Qt6QuickVectorImage.pc
2026-08-12 18:05:02,311 - aqt.updater - INFO - updater 132856229926784 Patching /home/professor/.local/hisn-deps/qt/6.8.2/gcc_64/lib/pkgconfig/Qt6QmlAssetDownloader.pc
2026-08-12 18:05:02,311 - aqt.updater - INFO - updater 132856229926784 Patching /home/professor/.local/hisn-deps/qt/6.8.2/gcc_64/lib/pkgconfig/Qt6Designer.pc
2026-08-12 18:05:02,311 - aqt.updater - INFO - updater 132856229926784 Patching /home/professor/.local/hisn-deps/qt/6.8.2/gcc_64/lib/pkgconfig/Qt6Core5Compat.pc
2026-08-12 18:05:02,311 - aqt.updater - INFO - updater 132856229926784 Patching /home/professor/.local/hisn-deps/qt/6.8.2/gcc_64/lib/pkgconfig/Qt6LabsPlatform.pc
2026-08-12 18:05:02,311 - aqt.updater - INFO - updater 132856229926784 Patching /home/professor/.local/hisn-deps/qt/6.8.2/gcc_64/lib/pkgconfig/Qt6QuickDialogs2Utils.pc
2026-08-12 18:05:02,311 - aqt.updater - INFO - updater 132856229926784 Patching /home/professor/.local/hisn-deps/qt/6.8.2/gcc_64/lib/pkgconfig/Qt6Quick.pc
2026-08-12 18:05:02,311 - aqt.updater - INFO - updater 132856229926784 Patching /home/professor/.local/hisn-deps/qt/6.8.2/gcc_64/lib/pkgconfig/Qt6QuickLayouts.pc
2026-08-12 18:05:02,311 - aqt.updater - INFO - updater 132856229926784 Patching /home/professor/.local/hisn-deps/qt/6.8.2/gcc_64/lib/pkgconfig/Qt6QmlMeta.pc
2026-08-12 18:05:02,311 - aqt.updater - INFO - updater 132856229926784 Patching /home/professor/.local/hisn-deps/qt/6.8.2/gcc_64/lib/pkgconfig/Qt6QmlModels.pc
2026-08-12 18:05:02,311 - aqt.updater - INFO - updater 132856229926784 Patching /home/professor/.local/hisn-deps/qt/6.8.2/gcc_64/lib/pkgconfig/Qt6WaylandClient.pc
2026-08-12 18:05:02,311 - aqt.updater - INFO - updater 132856229926784 Patching /home/professor/.local/hisn-deps/qt/6.8.2/gcc_64/lib/pkgconfig/Qt6LabsFolderListModel.pc
2026-08-12 18:05:02,311 - aqt.updater - INFO - updater 132856229926784 Patching /home/professor/.local/hisn-deps/qt/6.8.2/gcc_64/lib/pkgconfig/Qt6QuickTemplates2.pc
2026-08-12 18:05:02,311 - aqt.updater - INFO - updater 132856229926784 Patching /home/professor/.local/hisn-deps/qt/6.8.2/gcc_64/lib/pkgconfig/Qt6UiTools.pc
2026-08-12 18:05:02,311 - aqt.updater - INFO - updater 132856229926784 Patching /home/professor/.local/hisn-deps/qt/6.8.2/gcc_64/lib/pkgconfig/Qt6Test.pc
2026-08-12 18:05:02,312 - aqt.updater - INFO - updater 132856229926784 Patching /home/professor/.local/hisn-deps/qt/6.8.2/gcc_64/lib/pkgconfig/Qt6Xml.pc
2026-08-12 18:05:02,312 - aqt.updater - INFO - updater 132856229926784 Patching /home/professor/.local/hisn-deps/qt/6.8.2/gcc_64/lib/pkgconfig/Qt6QuickControls2.pc
2026-08-12 18:05:02,312 - aqt.updater - INFO - updater 132856229926784 Patching /home/professor/.local/hisn-deps/qt/6.8.2/gcc_64/lib/pkgconfig/Qt6QmlWorkerScript.pc
2026-08-12 18:05:02,312 - aqt.updater - INFO - updater 132856229926784 Patching /home/professor/.local/hisn-deps/qt/6.8.2/gcc_64/lib/pkgconfig/Qt6QuickControls2FusionStyleImpl.pc
2026-08-12 18:05:02,312 - aqt.updater - INFO - updater 132856229926784 Patching /home/professor/.local/hisn-deps/qt/6.8.2/gcc_64/lib/pkgconfig/Qt6UiPlugin.pc
2026-08-12 18:05:02,312 - aqt.updater - INFO - updater 132856229926784 Patching /home/professor/.local/hisn-deps/qt/6.8.2/gcc_64/lib/libQt6ExampleIcons.prl
2026-08-12 18:05:02,312 - aqt.updater - INFO - updater 132856229926784 Patching /home/professor/.local/hisn-deps/qt/6.8.2/gcc_64/lib/libQt6QuickControls2ImagineStyleImpl.prl
2026-08-12 18:05:02,312 - aqt.updater - INFO - updater 132856229926784 Patching /home/professor/.local/hisn-deps/qt/6.8.2/gcc_64/lib/libQt6QuickControlsTestUtils.prl
2026-08-12 18:05:02,312 - aqt.updater - INFO - updater 132856229926784 Patching /home/professor/.local/hisn-deps/qt/6.8.2/gcc_64/lib/libQt6QuickTest.prl
2026-08-12 18:05:02,312 - aqt.updater - INFO - updater 132856229926784 Patching /home/professor/.local/hisn-deps/qt/6.8.2/gcc_64/lib/libQt6Xml.prl
2026-08-12 18:05:02,312 - aqt.updater - INFO - updater 132856229926784 Patching /home/professor/.local/hisn-deps/qt/6.8.2/gcc_64/lib/libQt6Test.prl
2026-08-12 18:05:02,312 - aqt.updater - INFO - updater 132856229926784 Patching /home/professor/.local/hisn-deps/qt/6.8.2/gcc_64/lib/libQt6QmlLocalStorage.prl
2026-08-12 18:05:02,312 - aqt.updater - INFO - updater 132856229926784 Patching /home/professor/.local/hisn-deps/qt/6.8.2/gcc_64/lib/libQt6QuickControls2BasicStyleImpl.prl
2026-08-12 18:05:02,312 - aqt.updater - INFO - updater 132856229926784 Patching /home/professor/.local/hisn-deps/qt/6.8.2/gcc_64/lib/libQt6QuickControls2Universal.prl
2026-08-12 18:05:02,312 - aqt.updater - INFO - updater 132856229926784 Patching /home/professor/.local/hisn-deps/qt/6.8.2/gcc_64/lib/libQt6QuickDialogs2QuickImpl.prl
2026-08-12 18:05:02,312 - aqt.updater - INFO - updater 132856229926784 Patching /home/professor/.local/hisn-deps/qt/6.8.2/gcc_64/lib/libQt6XcbQpa.prl
2026-08-12 18:05:02,312 - aqt.updater - INFO - updater 132856229926784 Patching /home/professor/.local/hisn-deps/qt/6.8.2/gcc_64/lib/libQt6WaylandClient.prl
2026-08-12 18:05:02,312 - aqt.updater - INFO - updater 132856229926784 Patching /home/professor/.local/hisn-deps/qt/6.8.2/gcc_64/lib/libQt6QuickShapes.prl
2026-08-12 18:05:02,312 - aqt.updater - INFO - updater 132856229926784 Patching /home/professor/.local/hisn-deps/qt/6.8.2/gcc_64/lib/libQt6QuickTestUtils.prl
2026-08-12 18:05:02,312 - aqt.updater - INFO - updater 132856229926784 Patching /home/professor/.local/hisn-deps/qt/6.8.2/gcc_64/lib/libQt6QuickControls2.prl
2026-08-12 18:05:02,312 - aqt.updater - INFO - updater 132856229926784 Patching /home/professor/.local/hisn-deps/qt/6.8.2/gcc_64/lib/libQt6QmlCore.prl
2026-08-12 18:05:02,312 - aqt.updater - INFO - updater 132856229926784 Patching /home/professor/.local/hisn-deps/qt/6.8.2/gcc_64/lib/libQt6InputSupport.prl
2026-08-12 18:05:02,312 - aqt.updater - INFO - updater 132856229926784 Patching /home/professor/.local/hisn-deps/qt/6.8.2/gcc_64/lib/libQt6DBus.prl
2026-08-12 18:05:02,313 - aqt.updater - INFO - updater 132856229926784 Patching /home/professor/.local/hisn-deps/qt/6.8.2/gcc_64/lib/libQt6QmlAssetDownloader.prl
2026-08-12 18:05:02,313 - aqt.updater - INFO - updater 132856229926784 Patching /home/professor/.local/hisn-deps/qt/6.8.2/gcc_64/lib/libQt6QuickControls2Basic.prl
2026-08-12 18:05:02,313 - aqt.updater - INFO - updater 132856229926784 Patching /home/professor/.local/hisn-deps/qt/6.8.2/gcc_64/lib/libQt6Sql.prl
2026-08-12 18:05:02,313 - aqt.updater - INFO - updater 132856229926784 Patching /home/professor/.local/hisn-deps/qt/6.8.2/gcc_64/lib/libQt6QuickLayouts.prl
2026-08-12 18:05:02,313 - aqt.updater - INFO - updater 132856229926784 Patching /home/professor/.local/hisn-deps/qt/6.8.2/gcc_64/lib/libQt6QuickDialogs2.prl
2026-08-12 18:05:02,313 - aqt.updater - INFO - updater 132856229926784 Patching /home/professor/.local/hisn-deps/qt/6.8.2/gcc_64/lib/libQt6LabsPlatform.prl
2026-08-12 18:05:02,313 - aqt.updater - INFO - updater 132856229926784 Patching /home/professor/.local/hisn-deps/qt/6.8.2/gcc_64/lib/libQt6QmlToolingSettings.prl
2026-08-12 18:05:02,313 - aqt.updater - INFO - updater 132856229926784 Patching /home/professor/.local/hisn-deps/qt/6.8.2/gcc_64/lib/libQt6QuickVectorImageGenerator.prl
2026-08-12 18:05:02,313 - aqt.updater - INFO - updater 132856229926784 Patching /home/professor/.local/hisn-deps/qt/6.8.2/gcc_64/lib/libQt6Core.prl
2026-08-12 18:05:02,313 - aqt.updater - INFO - updater 132856229926784 Patching /home/professor/.local/hisn-deps/qt/6.8.2/gcc_64/lib/libQt6Core5Compat.prl
2026-08-12 18:05:02,313 - aqt.updater - INFO - updater 132856229926784 Patching /home/professor/.local/hisn-deps/qt/6.8.2/gcc_64/lib/libQt6QuickControls2MaterialStyleImpl.prl
2026-08-12 18:05:02,313 - aqt.updater - INFO - updater 132856229926784 Patching /home/professor/.local/hisn-deps/qt/6.8.2/gcc_64/lib/libQt6QuickControls2UniversalStyleImpl.prl
2026-08-12 18:05:02,313 - aqt.updater - INFO - updater 132856229926784 Patching /home/professor/.local/hisn-deps/qt/6.8.2/gcc_64/lib/libQt6PacketProtocol.prl
2026-08-12 18:05:02,313 - aqt.updater - INFO - updater 132856229926784 Patching /home/professor/.local/hisn-deps/qt/6.8.2/gcc_64/lib/libQt6PrintSupport.prl
2026-08-12 18:05:02,313 - aqt.updater - INFO - updater 132856229926784 Patching /home/professor/.local/hisn-deps/qt/6.8.2/gcc_64/lib/libQt6Gui.prl
2026-08-12 18:05:02,313 - aqt.updater - INFO - updater 132856229926784 Patching /home/professor/.local/hisn-deps/qt/6.8.2/gcc_64/lib/libQt6OpenGL.prl
2026-08-12 18:05:02,313 - aqt.updater - INFO - updater 132856229926784 Patching /home/professor/.local/hisn-deps/qt/6.8.2/gcc_64/lib/libQt6QuickControls2Imagine.prl
2026-08-12 18:05:02,313 - aqt.updater - INFO - updater 132856229926784 Patching /home/professor/.local/hisn-deps/qt/6.8.2/gcc_64/lib/libQt6LabsWavefrontMesh.prl
2026-08-12 18:05:02,313 - aqt.updater - INFO - updater 132856229926784 Patching /home/professor/.local/hisn-deps/qt/6.8.2/gcc_64/lib/libQt6LabsSharedImage.prl
2026-08-12 18:05:02,313 - aqt.updater - INFO - updater 132856229926784 Patching /home/professor/.local/hisn-deps/qt/6.8.2/gcc_64/lib/libQt6QuickWidgets.prl
2026-08-12 18:05:02,313 - aqt.updater - INFO - updater 132856229926784 Patching /home/professor/.local/hisn-deps/qt/6.8.2/gcc_64/lib/libQt6Qml.prl
2026-08-12 18:05:02,313 - aqt.updater - INFO - updater 132856229926784 Patching /home/professor/.local/hisn-deps/qt/6.8.2/gcc_64/lib/libQt6ExamplesAssetDownloader.prl
2026-08-12 18:05:02,313 - aqt.updater - INFO - updater 132856229926784 Patching /home/professor/.local/hisn-deps/qt/6.8.2/gcc_64/lib/libQt6QuickControls2FusionStyleImpl.prl
2026-08-12 18:05:02,313 - aqt.updater - INFO - updater 132856229926784 Patching /home/professor/.local/hisn-deps/qt/6.8.2/gcc_64/lib/libQt6QuickControls2Impl.prl
2026-08-12 18:05:02,313 - aqt.updater - INFO - updater 132856229926784 Patching /home/professor/.local/hisn-deps/qt/6.8.2/gcc_64/lib/libQt6QuickControls2FluentWinUI3StyleImpl.prl
2026-08-12 18:05:02,313 - aqt.updater - INFO - updater 132856229926784 Patching /home/professor/.local/hisn-deps/qt/6.8.2/gcc_64/lib/libQt6EglFSDeviceIntegration.prl
2026-08-12 18:05:02,313 - aqt.updater - INFO - updater 132856229926784 Patching /home/professor/.local/hisn-deps/qt/6.8.2/gcc_64/lib/libQt6QmlTypeRegistrar.prl
2026-08-12 18:05:02,313 - aqt.updater - INFO - updater 132856229926784 Patching /home/professor/.local/hisn-deps/qt/6.8.2/gcc_64/lib/libQt6QmlDebug.prl
2026-08-12 18:05:02,313 - aqt.updater - INFO - updater 132856229926784 Patching /home/professor/.local/hisn-deps/qt/6.8.2/gcc_64/lib/libQt6QmlNetwork.prl
2026-08-12 18:05:02,313 - aqt.updater - INFO - updater 132856229926784 Patching /home/professor/.local/hisn-deps/qt/6.8.2/gcc_64/lib/libQt6QmlDom.prl
2026-08-12 18:05:02,313 - aqt.updater - INFO - updater 132856229926784 Patching /home/professor/.local/hisn-deps/qt/6.8.2/gcc_64/lib/libQt6UiTools.prl
2026-08-12 18:05:02,313 - aqt.updater - INFO - updater 132856229926784 Patching /home/professor/.local/hisn-deps/qt/6.8.2/gcc_64/lib/libQt6LabsSettings.prl
2026-08-12 18:05:02,313 - aqt.updater - INFO - updater 132856229926784 Patching /home/professor/.local/hisn-deps/qt/6.8.2/gcc_64/lib/libQt6QuickEffects.prl
2026-08-12 18:05:02,313 - aqt.updater - INFO - updater 132856229926784 Patching /home/professor/.local/hisn-deps/qt/6.8.2/gcc_64/lib/libQt6DesignerComponents.prl
2026-08-12 18:05:02,313 - aqt.updater - INFO - updater 132856229926784 Patching /home/professor/.local/hisn-deps/qt/6.8.2/gcc_64/lib/libQt6QuickVectorImage.prl
2026-08-12 18:05:02,313 - aqt.updater - INFO - updater 132856229926784 Patching /home/professor/.local/hisn-deps/qt/6.8.2/gcc_64/lib/libQt6QmlLS.prl
2026-08-12 18:05:02,313 - aqt.updater - INFO - updater 132856229926784 Patching /home/professor/.local/hisn-deps/qt/6.8.2/gcc_64/lib/libQt6Svg.prl
2026-08-12 18:05:02,313 - aqt.updater - INFO - updater 132856229926784 Patching /home/professor/.local/hisn-deps/qt/6.8.2/gcc_64/lib/libQt6LabsFolderListModel.prl
2026-08-12 18:05:02,314 - aqt.updater - INFO - updater 132856229926784 Patching /home/professor/.local/hisn-deps/qt/6.8.2/gcc_64/lib/libQt6QmlCompiler.prl
2026-08-12 18:05:02,314 - aqt.updater - INFO - updater 132856229926784 Patching /home/professor/.local/hisn-deps/qt/6.8.2/gcc_64/lib/libQt6OpenGLWidgets.prl
2026-08-12 18:05:02,314 - aqt.updater - INFO - updater 132856229926784 Patching /home/professor/.local/hisn-deps/qt/6.8.2/gcc_64/lib/libQt6QmlMeta.prl
2026-08-12 18:05:02,314 - aqt.updater - INFO - updater 132856229926784 Patching /home/professor/.local/hisn-deps/qt/6.8.2/gcc_64/lib/libQt6QuickTemplates2.prl
2026-08-12 18:05:02,314 - aqt.updater - INFO - updater 132856229926784 Patching /home/professor/.local/hisn-deps/qt/6.8.2/gcc_64/lib/libQt6KmsSupport.prl
2026-08-12 18:05:02,314 - aqt.updater - INFO - updater 132856229926784 Patching /home/professor/.local/hisn-deps/qt/6.8.2/gcc_64/lib/libQt6Widgets.prl
2026-08-12 18:05:02,314 - aqt.updater - INFO - updater 132856229926784 Patching /home/professor/.local/hisn-deps/qt/6.8.2/gcc_64/lib/libQt6LabsAnimation.prl
2026-08-12 18:05:02,314 - aqt.updater - INFO - updater 132856229926784 Patching /home/professor/.local/hisn-deps/qt/6.8.2/gcc_64/lib/libQt6SvgWidgets.prl
2026-08-12 18:05:02,314 - aqt.updater - INFO - updater 132856229926784 Patching /home/professor/.local/hisn-deps/qt/6.8.2/gcc_64/lib/libQt6WlShellIntegration.prl
2026-08-12 18:05:02,314 - aqt.updater - INFO - updater 132856229926784 Patching /home/professor/.local/hisn-deps/qt/6.8.2/gcc_64/lib/libQt6Designer.prl
2026-08-12 18:05:02,314 - aqt.updater - INFO - updater 132856229926784 Patching /home/professor/.local/hisn-deps/qt/6.8.2/gcc_64/lib/libQt6LabsQmlModels.prl
2026-08-12 18:05:02,314 - aqt.updater - INFO - updater 132856229926784 Patching /home/professor/.local/hisn-deps/qt/6.8.2/gcc_64/lib/libQt6EglFsKmsGbmSupport.prl
2026-08-12 18:05:02,314 - aqt.updater - INFO - updater 132856229926784 Patching /home/professor/.local/hisn-deps/qt/6.8.2/gcc_64/lib/libQt6QmlModels.prl
2026-08-12 18:05:02,314 - aqt.updater - INFO - updater 132856229926784 Patching /home/professor/.local/hisn-deps/qt/6.8.2/gcc_64/lib/libQt6DeviceDiscoverySupport.prl
2026-08-12 18:05:02,314 - aqt.updater - INFO - updater 132856229926784 Patching /home/professor/.local/hisn-deps/qt/6.8.2/gcc_64/lib/libQt6Quick.prl
2026-08-12 18:05:02,314 - aqt.updater - INFO - updater 132856229926784 Patching /home/professor/.local/hisn-deps/qt/6.8.2/gcc_64/lib/libQt6EglFsKmsSupport.prl
2026-08-12 18:05:02,314 - aqt.updater - INFO - updater 132856229926784 Patching /home/professor/.local/hisn-deps/qt/6.8.2/gcc_64/lib/libQt6Help.prl
2026-08-12 18:05:02,314 - aqt.updater - INFO - updater 132856229926784 Patching /home/professor/.local/hisn-deps/qt/6.8.2/gcc_64/lib/libQt6FbSupport.prl
2026-08-12 18:05:02,314 - aqt.updater - INFO - updater 132856229926784 Patching /home/professor/.local/hisn-deps/qt/6.8.2/gcc_64/lib/libQt6Concurrent.prl
2026-08-12 18:05:02,314 - aqt.updater - INFO - updater 132856229926784 Patching /home/professor/.local/hisn-deps/qt/6.8.2/gcc_64/lib/libQt6QuickParticles.prl
2026-08-12 18:05:02,314 - aqt.updater - INFO - updater 132856229926784 Patching /home/professor/.local/hisn-deps/qt/6.8.2/gcc_64/lib/libQt6QmlXmlListModel.prl
2026-08-12 18:05:02,314 - aqt.updater - INFO - updater 132856229926784 Patching /home/professor/.local/hisn-deps/qt/6.8.2/gcc_64/lib/libQt6WaylandEglClientHwIntegration.prl
2026-08-12 18:05:02,314 - aqt.updater - INFO - updater 132856229926784 Patching /home/professor/.local/hisn-deps/qt/6.8.2/gcc_64/lib/libQt6QmlWorkerScript.prl
2026-08-12 18:05:02,314 - aqt.updater - INFO - updater 132856229926784 Patching /home/professor/.local/hisn-deps/qt/6.8.2/gcc_64/lib/libQt6Network.prl
2026-08-12 18:05:02,314 - aqt.updater - INFO - updater 132856229926784 Patching /home/professor/.local/hisn-deps/qt/6.8.2/gcc_64/lib/libQt6QuickDialogs2Utils.prl
2026-08-12 18:05:02,314 - aqt.updater - INFO - updater 132856229926784 Patching /home/professor/.local/hisn-deps/qt/6.8.2/gcc_64/lib/libQt6QuickControls2Material.prl
2026-08-12 18:05:02,314 - aqt.updater - INFO - updater 132856229926784 Patching /home/professor/.local/hisn-deps/qt/6.8.2/gcc_64/lib/libQt6QuickControls2Fusion.prl
2026-08-12 18:05:02,314 - aqt.main - INFO - installer 132856229926784 Finished installation
2026-08-12 18:05:02,314 - aqt.main - INFO - installer 132856229926784 Time elapsed: 15.37101370 second
